// Jest Snapshot v1, https://goo.gl/fbAQLP

exports[`Typography renders 1`] = `
<DocumentFragment>
  <span
    class="mdc-typography--body1"
  />
</DocumentFragment>
`;

exports[`Typography renders with each type 1`] = `
<DocumentFragment>
  <span
    class="mdc-typography--headline1"
  />
  <span
    class="mdc-typography--headline2"
  />
  <span
    class="mdc-typography--headline3"
  />
  <span
    class="mdc-typography--headline4"
  />
  <span
    class="mdc-typography--headline5"
  />
  <span
    class="mdc-typography--headline6"
  />
  <span
    class="mdc-typography--subtitle1"
  />
  <span
    class="mdc-typography--subtitle2"
  />
  <span
    class="mdc-typography--body1"
  />
  <span
    class="mdc-typography--body2"
  />
  <span
    class="mdc-typography--caption"
  />
  <span
    class="mdc-typography--button"
  />
  <span
    class="mdc-typography--button"
  />
</DocumentFragment>
`;
