// Jest Snapshot v1, https://goo.gl/fbAQLP

exports[`Checkbox renders 1`] = `
<DocumentFragment>
  <div
    class="mdc-ripple-upgraded--unbounded mdc-checkbox--upgraded mdc-checkbox"
    data-mdc-ripple-is-unbounded="true"
  >
    <input
      class="mdc-checkbox__native-control"
      id="toggle--test"
      type="checkbox"
    />
    <div
      class="mdc-checkbox__background"
    >
      <svg
        class="mdc-checkbox__checkmark"
        viewBox="0 0 24 24"
      >
        <path
          class="mdc-checkbox__checkmark-path"
          d="M1.73,12.91 8.1,19.28 22.79,4.59"
          fill="none"
          stroke="white"
        />
      </svg>
      <div
        class="mdc-checkbox__mixedmark"
      />
    </div>
    <div
      class="mdc-checkbox__ripple"
    />
  </div>
</DocumentFragment>
`;
