// Jest Snapshot v1, https://goo.gl/fbAQLP

exports[`TopAppBar renders 1`] = `
<DocumentFragment>
  <header
    class="mdc-top-app-bar"
  >
    <div
      class="mdc-top-app-bar__row"
    >
      <section
        class="mdc-top-app-bar__section mdc-top-app-bar__section--align-start"
      >
        <button
          class="rmwc-icon rmwc-icon--ligature material-icons mdc-ripple-upgraded--unbounded mdc-top-app-bar__navigation-icon mdc-icon-button"
          data-mdc-ripple-is-unbounded="true"
          role="button"
          tabindex="0"
        >
          menu
        </button>
        <div
          class="mdc-top-app-bar__title"
        >
          Title
        </div>
      </section>
      <section
        class="mdc-top-app-bar__section mdc-top-app-bar__section--align-end"
      >
        <button
          alt="Download"
          aria-label="Download"
          class="rmwc-icon rmwc-icon--ligature material-icons mdc-ripple-upgraded--unbounded mdc-top-app-bar__action-item mdc-icon-button"
          data-mdc-ripple-is-unbounded="true"
          role="button"
          tabindex="0"
        >
          file_download
        </button>
      </section>
    </div>
  </header>
</DocumentFragment>
`;
