// Jest Snapshot v1, https://goo.gl/fbAQLP

exports[`Chip renders 1`] = `
<DocumentFragment>
  <div
    class="mdc-chip-set"
  >
    <div
      class="mdc-ripple-surface mdc-chip"
      role="row"
    >
      <div
        class="mdc-chip__ripple"
      />
      <i
        class="rmwc-icon rmwc-icon--ligature material-icons mdc-chip__icon mdc-chip__icon--leading"
      >
        favorite
      </i>
      <span
        role="gridcell"
      >
        <span
          class="mdc-chip__text__primary-action"
          role="button"
          tabindex="0"
        >
          <span
            class="mdc-chip__text"
          >
            test-label
          </span>
        </span>
      </span>
      <i
        class="rmwc-icon rmwc-icon--ligature material-icons mdc-chip__icon mdc-chip__icon--trailing"
        role="button"
        tabindex="0"
      >
        close
      </i>
    </div>
  </div>
</DocumentFragment>
`;
